// Jest Snapshot v1, https://goo.gl/fbAQLP

exports[`<FiltersContainer /> Snapshot renders correctly 1`] = `
<div
  className="objectlist--grow"
>
  <span>
    a
  </span>
</div>
`;
