// Jest Snapshot v1, https://goo.gl/fbAQLP

exports[`Boolean Snapshots has custom labels 1`] = `
<Choice
  onChange={[Function]}
  options={
    Array [
      Object {
        "label": "Very True",
        "value": "True",
      },
      Object {
        "label": "Super False",
        "value": "False",
      },
    ]
  }
  value={
    Object {
      "label": "Very True",
      "value": "True",
    }
  }
/>
`;

exports[`Boolean Snapshots renders false 1`] = `
<Choice
  onChange={[Function]}
  options={
    Array [
      Object {
        "label": "Yes",
        "value": "True",
      },
      Object {
        "label": "No",
        "value": "False",
      },
    ]
  }
  value={
    Object {
      "label": "No",
      "value": "False",
    }
  }
/>
`;

exports[`Boolean Snapshots renders true 1`] = `
<Choice
  onChange={[Function]}
  options={
    Array [
      Object {
        "label": "Yes",
        "value": "True",
      },
      Object {
        "label": "No",
        "value": "False",
      },
    ]
  }
  value={
    Object {
      "label": "Yes",
      "value": "True",
    }
  }
/>
`;
