// Jest Snapshot v1, https://goo.gl/fbAQLP

exports[`HeaderField Functions renders header is a function 1`] = `
<h5>
  Hello
</h5>
`;

exports[`HeaderField Snapshots renders not sortable 1`] = `
<span>
  Header Text
</span>
`;

exports[`HeaderField Snapshots renders sortable 1`] = `
<div
  className={undefined}
  onClick={[Function]}
  role="button"
>
  Header Text
  <span
    className="sort-direction text-primary"
  >
     
  </span>
</div>
`;

exports[`HeaderField Snapshots renders sorted asc 1`] = `
<div
  className={undefined}
  onClick={[Function]}
  role="button"
>
  Header Text
  <span
    className="sort-direction text-primary"
  >
     
    ̭
  </span>
</div>
`;

exports[`HeaderField Snapshots renders sorted desc 1`] = `
<div
  className={undefined}
  onClick={[Function]}
  role="button"
>
  Header Text
  <span
    className="sort-direction text-primary"
  >
     
    ̬
  </span>
</div>
`;

exports[`HeaderField Snapshots renders with empty header 1`] = `
<div
  className={undefined}
  onClick={[Function]}
  role="button"
>
  
  <span
    className="sort-direction text-primary"
  >
     
  </span>
</div>
`;

exports[`HeaderField Snapshots renders with fa-sort icon 1`] = `
<div
  className={undefined}
  onClick={[Function]}
  role="button"
>
  Header Text
  <span
    className="sort-direction text-primary"
  >
     
  </span>
</div>
`;
